---
source: modules/xcm-interface/src/tests.rs
assertion_line: 31
expression: xcm
---
Xcm(
    [
        WithdrawAsset(
            Assets(
                [
                    Asset {
                        id: AssetId(
                            Location {
                                parents: 0,
                                interior: Here,
                            },
                        ),
                        fun: Fungible(
                            0,
                        ),
                    },
                ],
            ),
        ),
        BuyExecution {
            fees: Asset {
                id: AssetId(
                    Location {
                        parents: 0,
                        interior: Here,
                    },
                ),
                fun: Fungible(
                    0,
                ),
            },
            weight_limit: Unlimited,
        },
        Transact {
            origin_kind: SovereignAccount,
            require_weight_at_most: Weight {
                ref_time: 0,
                proof_size: 0,
            },
            call: "0x1d0000010101010101010101010101010101010101010101010101010101010101010100630804000100411f040001010002020202020202020202020202020202020202020202020202020202020202020404000000070010a5d4e80000000000",
        },
        RefundSurplus,
        DepositAsset {
            assets: Wild(
                AllCounted(
                    1,
                ),
            ),
            beneficiary: Location {
                parents: 0,
                interior: X1(
                    [
                        Parachain(
                            2000,
                        ),
                    ],
                ),
            },
        },
    ],
)
